13:40:35 **** Incremental Build of configuration Debug for project SCU_Nucleo ****
make all 
Building file: ../Src/freertos.c
Invoking: MCU GCC Compiler
C:\Dev\XtrackWS\SCU_Nucleo\Debug
arm-none-eabi-gcc -mcpu=cortex-m7 -mthumb -mfloat-abi=hard -mfpu=fpv5-d16 '-D__weak=__attribute__((weak))' '-D__packed=__attribute__((__packed__))' -DUSE_HAL_DRIVER -DSTM32F767xx -I"C:/Dev/XtrackWS/SCU_Nucleo/Inc" -I"C:/Dev/XtrackWS/SCU_Nucleo/Drivers/STM32F7xx_HAL_Driver/Inc" -I"C:/Dev/XtrackWS/SCU_Nucleo/Drivers/STM32F7xx_HAL_Driver/Inc/Legacy" -I"C:/Dev/XtrackWS/SCU_Nucleo/Middlewares/Third_Party/FreeRTOS/Source/portable/GCC/ARM_CM7/r0p1" -I"C:/Dev/XtrackWS/SCU_Nucleo/Drivers/CMSIS/Device/ST/STM32F7xx/Include" -I"C:/Dev/XtrackWS/SCU_Nucleo/Middlewares/Third_Party/FreeRTOS/Source/include" -I"C:/Dev/XtrackWS/SCU_Nucleo/Middlewares/Third_Party/FreeRTOS/Source/CMSIS_RTOS" -I"C:/Dev/XtrackWS/SCU_Nucleo/Drivers/CMSIS/Include"  -Og -g3 -Wall -fmessage-length=0 -ffunction-sections -c -fmessage-length=0 -MMD -MP -MF"Src/freertos.d" -MT"Src/freertos.o" -o "Src/freertos.o" "../Src/freertos.c"
Finished building: ../Src/freertos.c
 
Building file: ../Src/gpio.c
Invoking: MCU GCC Compiler
C:\Dev\XtrackWS\SCU_Nucleo\Debug
arm-none-eabi-gcc -mcpu=cortex-m7 -mthumb -mfloat-abi=hard -mfpu=fpv5-d16 '-D__weak=__attribute__((weak))' '-D__packed=__attribute__((__packed__))' -DUSE_HAL_DRIVER -DSTM32F767xx -I"C:/Dev/XtrackWS/SCU_Nucleo/Inc" -I"C:/Dev/XtrackWS/SCU_Nucleo/Drivers/STM32F7xx_HAL_Driver/Inc" -I"C:/Dev/XtrackWS/SCU_Nucleo/Drivers/STM32F7xx_HAL_Driver/Inc/Legacy" -I"C:/Dev/XtrackWS/SCU_Nucleo/Middlewares/Third_Party/FreeRTOS/Source/portable/GCC/ARM_CM7/r0p1" -I"C:/Dev/XtrackWS/SCU_Nucleo/Drivers/CMSIS/Device/ST/STM32F7xx/Include" -I"C:/Dev/XtrackWS/SCU_Nucleo/Middlewares/Third_Party/FreeRTOS/Source/include" -I"C:/Dev/XtrackWS/SCU_Nucleo/Middlewares/Third_Party/FreeRTOS/Source/CMSIS_RTOS" -I"C:/Dev/XtrackWS/SCU_Nucleo/Drivers/CMSIS/Include"  -Og -g3 -Wall -fmessage-length=0 -ffunction-sections -c -fmessage-length=0 -MMD -MP -MF"Src/gpio.d" -MT"Src/gpio.o" -o "Src/gpio.o" "../Src/gpio.c"
Finished building: ../Src/gpio.c
 
Building file: ../Src/main.c
Invoking: MCU GCC Compiler
C:\Dev\XtrackWS\SCU_Nucleo\Debug
arm-none-eabi-gcc -mcpu=cortex-m7 -mthumb -mfloat-abi=hard -mfpu=fpv5-d16 '-D__weak=__attribute__((weak))' '-D__packed=__attribute__((__packed__))' -DUSE_HAL_DRIVER -DSTM32F767xx -I"C:/Dev/XtrackWS/SCU_Nucleo/Inc" -I"C:/Dev/XtrackWS/SCU_Nucleo/Drivers/STM32F7xx_HAL_Driver/Inc" -I"C:/Dev/XtrackWS/SCU_Nucleo/Drivers/STM32F7xx_HAL_Driver/Inc/Legacy" -I"C:/Dev/XtrackWS/SCU_Nucleo/Middlewares/Third_Party/FreeRTOS/Source/portable/GCC/ARM_CM7/r0p1" -I"C:/Dev/XtrackWS/SCU_Nucleo/Drivers/CMSIS/Device/ST/STM32F7xx/Include" -I"C:/Dev/XtrackWS/SCU_Nucleo/Middlewares/Third_Party/FreeRTOS/Source/include" -I"C:/Dev/XtrackWS/SCU_Nucleo/Middlewares/Third_Party/FreeRTOS/Source/CMSIS_RTOS" -I"C:/Dev/XtrackWS/SCU_Nucleo/Drivers/CMSIS/Include"  -Og -g3 -Wall -fmessage-length=0 -ffunction-sections -c -fmessage-length=0 -MMD -MP -MF"Src/main.d" -MT"Src/main.o" -o "Src/main.o" "../Src/main.c"
Finished building: ../Src/main.c
 
Building file: ../Src/stm32f7xx_hal_msp.c
Invoking: MCU GCC Compiler
C:\Dev\XtrackWS\SCU_Nucleo\Debug
arm-none-eabi-gcc -mcpu=cortex-m7 -mthumb -mfloat-abi=hard -mfpu=fpv5-d16 '-D__weak=__attribute__((weak))' '-D__packed=__attribute__((__packed__))' -DUSE_HAL_DRIVER -DSTM32F767xx -I"C:/Dev/XtrackWS/SCU_Nucleo/Inc" -I"C:/Dev/XtrackWS/SCU_Nucleo/Drivers/STM32F7xx_HAL_Driver/Inc" -I"C:/Dev/XtrackWS/SCU_Nucleo/Drivers/STM32F7xx_HAL_Driver/Inc/Legacy" -I"C:/Dev/XtrackWS/SCU_Nucleo/Middlewares/Third_Party/FreeRTOS/Source/portable/GCC/ARM_CM7/r0p1" -I"C:/Dev/XtrackWS/SCU_Nucleo/Drivers/CMSIS/Device/ST/STM32F7xx/Include" -I"C:/Dev/XtrackWS/SCU_Nucleo/Middlewares/Third_Party/FreeRTOS/Source/include" -I"C:/Dev/XtrackWS/SCU_Nucleo/Middlewares/Third_Party/FreeRTOS/Source/CMSIS_RTOS" -I"C:/Dev/XtrackWS/SCU_Nucleo/Drivers/CMSIS/Include"  -Og -g3 -Wall -fmessage-length=0 -ffunction-sections -c -fmessage-length=0 -MMD -MP -MF"Src/stm32f7xx_hal_msp.d" -MT"Src/stm32f7xx_hal_msp.o" -o "Src/stm32f7xx_hal_msp.o" "../Src/stm32f7xx_hal_msp.c"
Finished building: ../Src/stm32f7xx_hal_msp.c
 
Building file: ../Src/stm32f7xx_hal_timebase_TIM.c
Invoking: MCU GCC Compiler
C:\Dev\XtrackWS\SCU_Nucleo\Debug
arm-none-eabi-gcc -mcpu=cortex-m7 -mthumb -mfloat-abi=hard -mfpu=fpv5-d16 '-D__weak=__attribute__((weak))' '-D__packed=__attribute__((__packed__))' -DUSE_HAL_DRIVER -DSTM32F767xx -I"C:/Dev/XtrackWS/SCU_Nucleo/Inc" -I"C:/Dev/XtrackWS/SCU_Nucleo/Drivers/STM32F7xx_HAL_Driver/Inc" -I"C:/Dev/XtrackWS/SCU_Nucleo/Drivers/STM32F7xx_HAL_Driver/Inc/Legacy" -I"C:/Dev/XtrackWS/SCU_Nucleo/Middlewares/Third_Party/FreeRTOS/Source/portable/GCC/ARM_CM7/r0p1" -I"C:/Dev/XtrackWS/SCU_Nucleo/Drivers/CMSIS/Device/ST/STM32F7xx/Include" -I"C:/Dev/XtrackWS/SCU_Nucleo/Middlewares/Third_Party/FreeRTOS/Source/include" -I"C:/Dev/XtrackWS/SCU_Nucleo/Middlewares/Third_Party/FreeRTOS/Source/CMSIS_RTOS" -I"C:/Dev/XtrackWS/SCU_Nucleo/Drivers/CMSIS/Include"  -Og -g3 -Wall -fmessage-length=0 -ffunction-sections -c -fmessage-length=0 -MMD -MP -MF"Src/stm32f7xx_hal_timebase_TIM.d" -MT"Src/stm32f7xx_hal_timebase_TIM.o" -o "Src/stm32f7xx_hal_timebase_TIM.o" "../Src/stm32f7xx_hal_timebase_TIM.c"
Finished building: ../Src/stm32f7xx_hal_timebase_TIM.c
 
Building file: ../Src/stm32f7xx_it.c
Invoking: MCU GCC Compiler
C:\Dev\XtrackWS\SCU_Nucleo\Debug
arm-none-eabi-gcc -mcpu=cortex-m7 -mthumb -mfloat-abi=hard -mfpu=fpv5-d16 '-D__weak=__attribute__((weak))' '-D__packed=__attribute__((__packed__))' -DUSE_HAL_DRIVER -DSTM32F767xx -I"C:/Dev/XtrackWS/SCU_Nucleo/Inc" -I"C:/Dev/XtrackWS/SCU_Nucleo/Drivers/STM32F7xx_HAL_Driver/Inc" -I"C:/Dev/XtrackWS/SCU_Nucleo/Drivers/STM32F7xx_HAL_Driver/Inc/Legacy" -I"C:/Dev/XtrackWS/SCU_Nucleo/Middlewares/Third_Party/FreeRTOS/Source/portable/GCC/ARM_CM7/r0p1" -I"C:/Dev/XtrackWS/SCU_Nucleo/Drivers/CMSIS/Device/ST/STM32F7xx/Include" -I"C:/Dev/XtrackWS/SCU_Nucleo/Middlewares/Third_Party/FreeRTOS/Source/include" -I"C:/Dev/XtrackWS/SCU_Nucleo/Middlewares/Third_Party/FreeRTOS/Source/CMSIS_RTOS" -I"C:/Dev/XtrackWS/SCU_Nucleo/Drivers/CMSIS/Include"  -Og -g3 -Wall -fmessage-length=0 -ffunction-sections -c -fmessage-length=0 -MMD -MP -MF"Src/stm32f7xx_it.d" -MT"Src/stm32f7xx_it.o" -o "Src/stm32f7xx_it.o" "../Src/stm32f7xx_it.c"
Finished building: ../Src/stm32f7xx_it.c
 
Building file: ../Src/system_stm32f7xx.c
Invoking: MCU GCC Compiler
C:\Dev\XtrackWS\SCU_Nucleo\Debug
arm-none-eabi-gcc -mcpu=cortex-m7 -mthumb -mfloat-abi=hard -mfpu=fpv5-d16 '-D__weak=__attribute__((weak))' '-D__packed=__attribute__((__packed__))' -DUSE_HAL_DRIVER -DSTM32F767xx -I"C:/Dev/XtrackWS/SCU_Nucleo/Inc" -I"C:/Dev/XtrackWS/SCU_Nucleo/Drivers/STM32F7xx_HAL_Driver/Inc" -I"C:/Dev/XtrackWS/SCU_Nucleo/Drivers/STM32F7xx_HAL_Driver/Inc/Legacy" -I"C:/Dev/XtrackWS/SCU_Nucleo/Middlewares/Third_Party/FreeRTOS/Source/portable/GCC/ARM_CM7/r0p1" -I"C:/Dev/XtrackWS/SCU_Nucleo/Drivers/CMSIS/Device/ST/STM32F7xx/Include" -I"C:/Dev/XtrackWS/SCU_Nucleo/Middlewares/Third_Party/FreeRTOS/Source/include" -I"C:/Dev/XtrackWS/SCU_Nucleo/Middlewares/Third_Party/FreeRTOS/Source/CMSIS_RTOS" -I"C:/Dev/XtrackWS/SCU_Nucleo/Drivers/CMSIS/Include"  -Og -g3 -Wall -fmessage-length=0 -ffunction-sections -c -fmessage-length=0 -MMD -MP -MF"Src/system_stm32f7xx.d" -MT"Src/system_stm32f7xx.o" -o "Src/system_stm32f7xx.o" "../Src/system_stm32f7xx.c"
Finished building: ../Src/system_stm32f7xx.c
 
Building file: ../Src/usart.c
Invoking: MCU GCC Compiler
C:\Dev\XtrackWS\SCU_Nucleo\Debug
arm-none-eabi-gcc -mcpu=cortex-m7 -mthumb -mfloat-abi=hard -mfpu=fpv5-d16 '-D__weak=__attribute__((weak))' '-D__packed=__attribute__((__packed__))' -DUSE_HAL_DRIVER -DSTM32F767xx -I"C:/Dev/XtrackWS/SCU_Nucleo/Inc" -I"C:/Dev/XtrackWS/SCU_Nucleo/Drivers/STM32F7xx_HAL_Driver/Inc" -I"C:/Dev/XtrackWS/SCU_Nucleo/Drivers/STM32F7xx_HAL_Driver/Inc/Legacy" -I"C:/Dev/XtrackWS/SCU_Nucleo/Middlewares/Third_Party/FreeRTOS/Source/portable/GCC/ARM_CM7/r0p1" -I"C:/Dev/XtrackWS/SCU_Nucleo/Drivers/CMSIS/Device/ST/STM32F7xx/Include" -I"C:/Dev/XtrackWS/SCU_Nucleo/Middlewares/Third_Party/FreeRTOS/Source/include" -I"C:/Dev/XtrackWS/SCU_Nucleo/Middlewares/Third_Party/FreeRTOS/Source/CMSIS_RTOS" -I"C:/Dev/XtrackWS/SCU_Nucleo/Drivers/CMSIS/Include"  -Og -g3 -Wall -fmessage-length=0 -ffunction-sections -c -fmessage-length=0 -MMD -MP -MF"Src/usart.d" -MT"Src/usart.o" -o "Src/usart.o" "../Src/usart.c"
Finished building: ../Src/usart.c
 
Building file: ../Src/usb_otg.c
Invoking: MCU GCC Compiler
C:\Dev\XtrackWS\SCU_Nucleo\Debug
arm-none-eabi-gcc -mcpu=cortex-m7 -mthumb -mfloat-abi=hard -mfpu=fpv5-d16 '-D__weak=__attribute__((weak))' '-D__packed=__attribute__((__packed__))' -DUSE_HAL_DRIVER -DSTM32F767xx -I"C:/Dev/XtrackWS/SCU_Nucleo/Inc" -I"C:/Dev/XtrackWS/SCU_Nucleo/Drivers/STM32F7xx_HAL_Driver/Inc" -I"C:/Dev/XtrackWS/SCU_Nucleo/Drivers/STM32F7xx_HAL_Driver/Inc/Legacy" -I"C:/Dev/XtrackWS/SCU_Nucleo/Middlewares/Third_Party/FreeRTOS/Source/portable/GCC/ARM_CM7/r0p1" -I"C:/Dev/XtrackWS/SCU_Nucleo/Drivers/CMSIS/Device/ST/STM32F7xx/Include" -I"C:/Dev/XtrackWS/SCU_Nucleo/Middlewares/Third_Party/FreeRTOS/Source/include" -I"C:/Dev/XtrackWS/SCU_Nucleo/Middlewares/Third_Party/FreeRTOS/Source/CMSIS_RTOS" -I"C:/Dev/XtrackWS/SCU_Nucleo/Drivers/CMSIS/Include"  -Og -g3 -Wall -fmessage-length=0 -ffunction-sections -c -fmessage-length=0 -MMD -MP -MF"Src/usb_otg.d" -MT"Src/usb_otg.o" -o "Src/usb_otg.o" "../Src/usb_otg.c"
Finished building: ../Src/usb_otg.c
 
Building file: ../Middlewares/Third_Party/FreeRTOS/Source/portable/MemMang/heap_4.c
Invoking: MCU GCC Compiler
C:\Dev\XtrackWS\SCU_Nucleo\Debug
arm-none-eabi-gcc -mcpu=cortex-m7 -mthumb -mfloat-abi=hard -mfpu=fpv5-d16 '-D__weak=__attribute__((weak))' '-D__packed=__attribute__((__packed__))' -DUSE_HAL_DRIVER -DSTM32F767xx -I"C:/Dev/XtrackWS/SCU_Nucleo/Inc" -I"C:/Dev/XtrackWS/SCU_Nucleo/Drivers/STM32F7xx_HAL_Driver/Inc" -I"C:/Dev/XtrackWS/SCU_Nucleo/Drivers/STM32F7xx_HAL_Driver/Inc/Legacy" -I"C:/Dev/XtrackWS/SCU_Nucleo/Middlewares/Third_Party/FreeRTOS/Source/portable/GCC/ARM_CM7/r0p1" -I"C:/Dev/XtrackWS/SCU_Nucleo/Drivers/CMSIS/Device/ST/STM32F7xx/Include" -I"C:/Dev/XtrackWS/SCU_Nucleo/Middlewares/Third_Party/FreeRTOS/Source/include" -I"C:/Dev/XtrackWS/SCU_Nucleo/Middlewares/Third_Party/FreeRTOS/Source/CMSIS_RTOS" -I"C:/Dev/XtrackWS/SCU_Nucleo/Drivers/CMSIS/Include"  -Og -g3 -Wall -fmessage-length=0 -ffunction-sections -c -fmessage-length=0 -MMD -MP -MF"Middlewares/Third_Party/FreeRTOS/Source/portable/MemMang/heap_4.d" -MT"Middlewares/Third_Party/FreeRTOS/Source/portable/MemMang/heap_4.o" -o "Middlewares/Third_Party/FreeRTOS/Source/portable/MemMang/heap_4.o" "../Middlewares/Third_Party/FreeRTOS/Source/portable/MemMang/heap_4.c"
Finished building: ../Middlewares/Third_Party/FreeRTOS/Source/portable/MemMang/heap_4.c
 
Building file: ../Middlewares/Third_Party/FreeRTOS/Source/portable/GCC/ARM_CM7/r0p1/port.c
Invoking: MCU GCC Compiler
C:\Dev\XtrackWS\SCU_Nucleo\Debug
arm-none-eabi-gcc -mcpu=cortex-m7 -mthumb -mfloat-abi=hard -mfpu=fpv5-d16 '-D__weak=__attribute__((weak))' '-D__packed=__attribute__((__packed__))' -DUSE_HAL_DRIVER -DSTM32F767xx -I"C:/Dev/XtrackWS/SCU_Nucleo/Inc" -I"C:/Dev/XtrackWS/SCU_Nucleo/Drivers/STM32F7xx_HAL_Driver/Inc" -I"C:/Dev/XtrackWS/SCU_Nucleo/Drivers/STM32F7xx_HAL_Driver/Inc/Legacy" -I"C:/Dev/XtrackWS/SCU_Nucleo/Middlewares/Third_Party/FreeRTOS/Source/portable/GCC/ARM_CM7/r0p1" -I"C:/Dev/XtrackWS/SCU_Nucleo/Drivers/CMSIS/Device/ST/STM32F7xx/Include" -I"C:/Dev/XtrackWS/SCU_Nucleo/Middlewares/Third_Party/FreeRTOS/Source/include" -I"C:/Dev/XtrackWS/SCU_Nucleo/Middlewares/Third_Party/FreeRTOS/Source/CMSIS_RTOS" -I"C:/Dev/XtrackWS/SCU_Nucleo/Drivers/CMSIS/Include"  -Og -g3 -Wall -fmessage-length=0 -ffunction-sections -c -fmessage-length=0 -MMD -MP -MF"Middlewares/Third_Party/FreeRTOS/Source/portable/GCC/ARM_CM7/r0p1/port.d" -MT"Middlewares/Third_Party/FreeRTOS/Source/portable/GCC/ARM_CM7/r0p1/port.o" -o "Middlewares/Third_Party/FreeRTOS/Source/portable/GCC/ARM_CM7/r0p1/port.o" "../Middlewares/Third_Party/FreeRTOS/Source/portable/GCC/ARM_CM7/r0p1/port.c"
Finished building: ../Middlewares/Third_Party/FreeRTOS/Source/portable/GCC/ARM_CM7/r0p1/port.c
 
Building file: ../Middlewares/Third_Party/FreeRTOS/Source/CMSIS_RTOS/cmsis_os.c
Invoking: MCU GCC Compiler
C:\Dev\XtrackWS\SCU_Nucleo\Debug
arm-none-eabi-gcc -mcpu=cortex-m7 -mthumb -mfloat-abi=hard -mfpu=fpv5-d16 '-D__weak=__attribute__((weak))' '-D__packed=__attribute__((__packed__))' -DUSE_HAL_DRIVER -DSTM32F767xx -I"C:/Dev/XtrackWS/SCU_Nucleo/Inc" -I"C:/Dev/XtrackWS/SCU_Nucleo/Drivers/STM32F7xx_HAL_Driver/Inc" -I"C:/Dev/XtrackWS/SCU_Nucleo/Drivers/STM32F7xx_HAL_Driver/Inc/Legacy" -I"C:/Dev/XtrackWS/SCU_Nucleo/Middlewares/Third_Party/FreeRTOS/Source/portable/GCC/ARM_CM7/r0p1" -I"C:/Dev/XtrackWS/SCU_Nucleo/Drivers/CMSIS/Device/ST/STM32F7xx/Include" -I"C:/Dev/XtrackWS/SCU_Nucleo/Middlewares/Third_Party/FreeRTOS/Source/include" -I"C:/Dev/XtrackWS/SCU_Nucleo/Middlewares/Third_Party/FreeRTOS/Source/CMSIS_RTOS" -I"C:/Dev/XtrackWS/SCU_Nucleo/Drivers/CMSIS/Include"  -Og -g3 -Wall -fmessage-length=0 -ffunction-sections -c -fmessage-length=0 -MMD -MP -MF"Middlewares/Third_Party/FreeRTOS/Source/CMSIS_RTOS/cmsis_os.d" -MT"Middlewares/Third_Party/FreeRTOS/Source/CMSIS_RTOS/cmsis_os.o" -o "Middlewares/Third_Party/FreeRTOS/Source/CMSIS_RTOS/cmsis_os.o" "../Middlewares/Third_Party/FreeRTOS/Source/CMSIS_RTOS/cmsis_os.c"
Finished building: ../Middlewares/Third_Party/FreeRTOS/Source/CMSIS_RTOS/cmsis_os.c
 
Building file: ../Middlewares/Third_Party/FreeRTOS/Source/croutine.c
Invoking: MCU GCC Compiler
C:\Dev\XtrackWS\SCU_Nucleo\Debug
arm-none-eabi-gcc -mcpu=cortex-m7 -mthumb -mfloat-abi=hard -mfpu=fpv5-d16 '-D__weak=__attribute__((weak))' '-D__packed=__attribute__((__packed__))' -DUSE_HAL_DRIVER -DSTM32F767xx -I"C:/Dev/XtrackWS/SCU_Nucleo/Inc" -I"C:/Dev/XtrackWS/SCU_Nucleo/Drivers/STM32F7xx_HAL_Driver/Inc" -I"C:/Dev/XtrackWS/SCU_Nucleo/Drivers/STM32F7xx_HAL_Driver/Inc/Legacy" -I"C:/Dev/XtrackWS/SCU_Nucleo/Middlewares/Third_Party/FreeRTOS/Source/portable/GCC/ARM_CM7/r0p1" -I"C:/Dev/XtrackWS/SCU_Nucleo/Drivers/CMSIS/Device/ST/STM32F7xx/Include" -I"C:/Dev/XtrackWS/SCU_Nucleo/Middlewares/Third_Party/FreeRTOS/Source/include" -I"C:/Dev/XtrackWS/SCU_Nucleo/Middlewares/Third_Party/FreeRTOS/Source/CMSIS_RTOS" -I"C:/Dev/XtrackWS/SCU_Nucleo/Drivers/CMSIS/Include"  -Og -g3 -Wall -fmessage-length=0 -ffunction-sections -c -fmessage-length=0 -MMD -MP -MF"Middlewares/Third_Party/FreeRTOS/Source/croutine.d" -MT"Middlewares/Third_Party/FreeRTOS/Source/croutine.o" -o "Middlewares/Third_Party/FreeRTOS/Source/croutine.o" "../Middlewares/Third_Party/FreeRTOS/Source/croutine.c"
Finished building: ../Middlewares/Third_Party/FreeRTOS/Source/croutine.c
 
Building file: ../Middlewares/Third_Party/FreeRTOS/Source/event_groups.c
Invoking: MCU GCC Compiler
C:\Dev\XtrackWS\SCU_Nucleo\Debug
arm-none-eabi-gcc -mcpu=cortex-m7 -mthumb -mfloat-abi=hard -mfpu=fpv5-d16 '-D__weak=__attribute__((weak))' '-D__packed=__attribute__((__packed__))' -DUSE_HAL_DRIVER -DSTM32F767xx -I"C:/Dev/XtrackWS/SCU_Nucleo/Inc" -I"C:/Dev/XtrackWS/SCU_Nucleo/Drivers/STM32F7xx_HAL_Driver/Inc" -I"C:/Dev/XtrackWS/SCU_Nucleo/Drivers/STM32F7xx_HAL_Driver/Inc/Legacy" -I"C:/Dev/XtrackWS/SCU_Nucleo/Middlewares/Third_Party/FreeRTOS/Source/portable/GCC/ARM_CM7/r0p1" -I"C:/Dev/XtrackWS/SCU_Nucleo/Drivers/CMSIS/Device/ST/STM32F7xx/Include" -I"C:/Dev/XtrackWS/SCU_Nucleo/Middlewares/Third_Party/FreeRTOS/Source/include" -I"C:/Dev/XtrackWS/SCU_Nucleo/Middlewares/Third_Party/FreeRTOS/Source/CMSIS_RTOS" -I"C:/Dev/XtrackWS/SCU_Nucleo/Drivers/CMSIS/Include"  -Og -g3 -Wall -fmessage-length=0 -ffunction-sections -c -fmessage-length=0 -MMD -MP -MF"Middlewares/Third_Party/FreeRTOS/Source/event_groups.d" -MT"Middlewares/Third_Party/FreeRTOS/Source/event_groups.o" -o "Middlewares/Third_Party/FreeRTOS/Source/event_groups.o" "../Middlewares/Third_Party/FreeRTOS/Source/event_groups.c"
Finished building: ../Middlewares/Third_Party/FreeRTOS/Source/event_groups.c
 
Building file: ../Middlewares/Third_Party/FreeRTOS/Source/list.c
Invoking: MCU GCC Compiler
C:\Dev\XtrackWS\SCU_Nucleo\Debug
arm-none-eabi-gcc -mcpu=cortex-m7 -mthumb -mfloat-abi=hard -mfpu=fpv5-d16 '-D__weak=__attribute__((weak))' '-D__packed=__attribute__((__packed__))' -DUSE_HAL_DRIVER -DSTM32F767xx -I"C:/Dev/XtrackWS/SCU_Nucleo/Inc" -I"C:/Dev/XtrackWS/SCU_Nucleo/Drivers/STM32F7xx_HAL_Driver/Inc" -I"C:/Dev/XtrackWS/SCU_Nucleo/Drivers/STM32F7xx_HAL_Driver/Inc/Legacy" -I"C:/Dev/XtrackWS/SCU_Nucleo/Middlewares/Third_Party/FreeRTOS/Source/portable/GCC/ARM_CM7/r0p1" -I"C:/Dev/XtrackWS/SCU_Nucleo/Drivers/CMSIS/Device/ST/STM32F7xx/Include" -I"C:/Dev/XtrackWS/SCU_Nucleo/Middlewares/Third_Party/FreeRTOS/Source/include" -I"C:/Dev/XtrackWS/SCU_Nucleo/Middlewares/Third_Party/FreeRTOS/Source/CMSIS_RTOS" -I"C:/Dev/XtrackWS/SCU_Nucleo/Drivers/CMSIS/Include"  -Og -g3 -Wall -fmessage-length=0 -ffunction-sections -c -fmessage-length=0 -MMD -MP -MF"Middlewares/Third_Party/FreeRTOS/Source/list.d" -MT"Middlewares/Third_Party/FreeRTOS/Source/list.o" -o "Middlewares/Third_Party/FreeRTOS/Source/list.o" "../Middlewares/Third_Party/FreeRTOS/Source/list.c"
Finished building: ../Middlewares/Third_Party/FreeRTOS/Source/list.c
 
Building file: ../Middlewares/Third_Party/FreeRTOS/Source/queue.c
Invoking: MCU GCC Compiler
C:\Dev\XtrackWS\SCU_Nucleo\Debug
arm-none-eabi-gcc -mcpu=cortex-m7 -mthumb -mfloat-abi=hard -mfpu=fpv5-d16 '-D__weak=__attribute__((weak))' '-D__packed=__attribute__((__packed__))' -DUSE_HAL_DRIVER -DSTM32F767xx -I"C:/Dev/XtrackWS/SCU_Nucleo/Inc" -I"C:/Dev/XtrackWS/SCU_Nucleo/Drivers/STM32F7xx_HAL_Driver/Inc" -I"C:/Dev/XtrackWS/SCU_Nucleo/Drivers/STM32F7xx_HAL_Driver/Inc/Legacy" -I"C:/Dev/XtrackWS/SCU_Nucleo/Middlewares/Third_Party/FreeRTOS/Source/portable/GCC/ARM_CM7/r0p1" -I"C:/Dev/XtrackWS/SCU_Nucleo/Drivers/CMSIS/Device/ST/STM32F7xx/Include" -I"C:/Dev/XtrackWS/SCU_Nucleo/Middlewares/Third_Party/FreeRTOS/Source/include" -I"C:/Dev/XtrackWS/SCU_Nucleo/Middlewares/Third_Party/FreeRTOS/Source/CMSIS_RTOS" -I"C:/Dev/XtrackWS/SCU_Nucleo/Drivers/CMSIS/Include"  -Og -g3 -Wall -fmessage-length=0 -ffunction-sections -c -fmessage-length=0 -MMD -MP -MF"Middlewares/Third_Party/FreeRTOS/Source/queue.d" -MT"Middlewares/Third_Party/FreeRTOS/Source/queue.o" -o "Middlewares/Third_Party/FreeRTOS/Source/queue.o" "../Middlewares/Third_Party/FreeRTOS/Source/queue.c"
Finished building: ../Middlewares/Third_Party/FreeRTOS/Source/queue.c
 
Building file: ../Middlewares/Third_Party/FreeRTOS/Source/tasks.c
Invoking: MCU GCC Compiler
C:\Dev\XtrackWS\SCU_Nucleo\Debug
arm-none-eabi-gcc -mcpu=cortex-m7 -mthumb -mfloat-abi=hard -mfpu=fpv5-d16 '-D__weak=__attribute__((weak))' '-D__packed=__attribute__((__packed__))' -DUSE_HAL_DRIVER -DSTM32F767xx -I"C:/Dev/XtrackWS/SCU_Nucleo/Inc" -I"C:/Dev/XtrackWS/SCU_Nucleo/Drivers/STM32F7xx_HAL_Driver/Inc" -I"C:/Dev/XtrackWS/SCU_Nucleo/Drivers/STM32F7xx_HAL_Driver/Inc/Legacy" -I"C:/Dev/XtrackWS/SCU_Nucleo/Middlewares/Third_Party/FreeRTOS/Source/portable/GCC/ARM_CM7/r0p1" -I"C:/Dev/XtrackWS/SCU_Nucleo/Drivers/CMSIS/Device/ST/STM32F7xx/Include" -I"C:/Dev/XtrackWS/SCU_Nucleo/Middlewares/Third_Party/FreeRTOS/Source/include" -I"C:/Dev/XtrackWS/SCU_Nucleo/Middlewares/Third_Party/FreeRTOS/Source/CMSIS_RTOS" -I"C:/Dev/XtrackWS/SCU_Nucleo/Drivers/CMSIS/Include"  -Og -g3 -Wall -fmessage-length=0 -ffunction-sections -c -fmessage-length=0 -MMD -MP -MF"Middlewares/Third_Party/FreeRTOS/Source/tasks.d" -MT"Middlewares/Third_Party/FreeRTOS/Source/tasks.o" -o "Middlewares/Third_Party/FreeRTOS/Source/tasks.o" "../Middlewares/Third_Party/FreeRTOS/Source/tasks.c"
Finished building: ../Middlewares/Third_Party/FreeRTOS/Source/tasks.c
 
Building file: ../Middlewares/Third_Party/FreeRTOS/Source/timers.c
Invoking: MCU GCC Compiler
C:\Dev\XtrackWS\SCU_Nucleo\Debug
arm-none-eabi-gcc -mcpu=cortex-m7 -mthumb -mfloat-abi=hard -mfpu=fpv5-d16 '-D__weak=__attribute__((weak))' '-D__packed=__attribute__((__packed__))' -DUSE_HAL_DRIVER -DSTM32F767xx -I"C:/Dev/XtrackWS/SCU_Nucleo/Inc" -I"C:/Dev/XtrackWS/SCU_Nucleo/Drivers/STM32F7xx_HAL_Driver/Inc" -I"C:/Dev/XtrackWS/SCU_Nucleo/Drivers/STM32F7xx_HAL_Driver/Inc/Legacy" -I"C:/Dev/XtrackWS/SCU_Nucleo/Middlewares/Third_Party/FreeRTOS/Source/portable/GCC/ARM_CM7/r0p1" -I"C:/Dev/XtrackWS/SCU_Nucleo/Drivers/CMSIS/Device/ST/STM32F7xx/Include" -I"C:/Dev/XtrackWS/SCU_Nucleo/Middlewares/Third_Party/FreeRTOS/Source/include" -I"C:/Dev/XtrackWS/SCU_Nucleo/Middlewares/Third_Party/FreeRTOS/Source/CMSIS_RTOS" -I"C:/Dev/XtrackWS/SCU_Nucleo/Drivers/CMSIS/Include"  -Og -g3 -Wall -fmessage-length=0 -ffunction-sections -c -fmessage-length=0 -MMD -MP -MF"Middlewares/Third_Party/FreeRTOS/Source/timers.d" -MT"Middlewares/Third_Party/FreeRTOS/Source/timers.o" -o "Middlewares/Third_Party/FreeRTOS/Source/timers.o" "../Middlewares/Third_Party/FreeRTOS/Source/timers.c"
Finished building: ../Middlewares/Third_Party/FreeRTOS/Source/timers.c
 
Building file: ../Drivers/STM32F7xx_HAL_Driver/Src/stm32f7xx_hal.c
Invoking: MCU GCC Compiler
C:\Dev\XtrackWS\SCU_Nucleo\Debug
arm-none-eabi-gcc -mcpu=cortex-m7 -mthumb -mfloat-abi=hard -mfpu=fpv5-d16 '-D__weak=__attribute__((weak))' '-D__packed=__attribute__((__packed__))' -DUSE_HAL_DRIVER -DSTM32F767xx -I"C:/Dev/XtrackWS/SCU_Nucleo/Inc" -I"C:/Dev/XtrackWS/SCU_Nucleo/Drivers/STM32F7xx_HAL_Driver/Inc" -I"C:/Dev/XtrackWS/SCU_Nucleo/Drivers/STM32F7xx_HAL_Driver/Inc/Legacy" -I"C:/Dev/XtrackWS/SCU_Nucleo/Middlewares/Third_Party/FreeRTOS/Source/portable/GCC/ARM_CM7/r0p1" -I"C:/Dev/XtrackWS/SCU_Nucleo/Drivers/CMSIS/Device/ST/STM32F7xx/Include" -I"C:/Dev/XtrackWS/SCU_Nucleo/Middlewares/Third_Party/FreeRTOS/Source/include" -I"C:/Dev/XtrackWS/SCU_Nucleo/Middlewares/Third_Party/FreeRTOS/Source/CMSIS_RTOS" -I"C:/Dev/XtrackWS/SCU_Nucleo/Drivers/CMSIS/Include"  -Og -g3 -Wall -fmessage-length=0 -ffunction-sections -c -fmessage-length=0 -MMD -MP -MF"Drivers/STM32F7xx_HAL_Driver/Src/stm32f7xx_hal.d" -MT"Drivers/STM32F7xx_HAL_Driver/Src/stm32f7xx_hal.o" -o "Drivers/STM32F7xx_HAL_Driver/Src/stm32f7xx_hal.o" "../Drivers/STM32F7xx_HAL_Driver/Src/stm32f7xx_hal.c"
Finished building: ../Drivers/STM32F7xx_HAL_Driver/Src/stm32f7xx_hal.c
 
Building file: ../Drivers/STM32F7xx_HAL_Driver/Src/stm32f7xx_hal_cortex.c
Invoking: MCU GCC Compiler
C:\Dev\XtrackWS\SCU_Nucleo\Debug
arm-none-eabi-gcc -mcpu=cortex-m7 -mthumb -mfloat-abi=hard -mfpu=fpv5-d16 '-D__weak=__attribute__((weak))' '-D__packed=__attribute__((__packed__))' -DUSE_HAL_DRIVER -DSTM32F767xx -I"C:/Dev/XtrackWS/SCU_Nucleo/Inc" -I"C:/Dev/XtrackWS/SCU_Nucleo/Drivers/STM32F7xx_HAL_Driver/Inc" -I"C:/Dev/XtrackWS/SCU_Nucleo/Drivers/STM32F7xx_HAL_Driver/Inc/Legacy" -I"C:/Dev/XtrackWS/SCU_Nucleo/Middlewares/Third_Party/FreeRTOS/Source/portable/GCC/ARM_CM7/r0p1" -I"C:/Dev/XtrackWS/SCU_Nucleo/Drivers/CMSIS/Device/ST/STM32F7xx/Include" -I"C:/Dev/XtrackWS/SCU_Nucleo/Middlewares/Third_Party/FreeRTOS/Source/include" -I"C:/Dev/XtrackWS/SCU_Nucleo/Middlewares/Third_Party/FreeRTOS/Source/CMSIS_RTOS" -I"C:/Dev/XtrackWS/SCU_Nucleo/Drivers/CMSIS/Include"  -Og -g3 -Wall -fmessage-length=0 -ffunction-sections -c -fmessage-length=0 -MMD -MP -MF"Drivers/STM32F7xx_HAL_Driver/Src/stm32f7xx_hal_cortex.d" -MT"Drivers/STM32F7xx_HAL_Driver/Src/stm32f7xx_hal_cortex.o" -o "Drivers/STM32F7xx_HAL_Driver/Src/stm32f7xx_hal_cortex.o" "../Drivers/STM32F7xx_HAL_Driver/Src/stm32f7xx_hal_cortex.c"
Finished building: ../Drivers/STM32F7xx_HAL_Driver/Src/stm32f7xx_hal_cortex.c
 
Building file: ../Drivers/STM32F7xx_HAL_Driver/Src/stm32f7xx_hal_dma.c
Invoking: MCU GCC Compiler
C:\Dev\XtrackWS\SCU_Nucleo\Debug
arm-none-eabi-gcc -mcpu=cortex-m7 -mthumb -mfloat-abi=hard -mfpu=fpv5-d16 '-D__weak=__attribute__((weak))' '-D__packed=__attribute__((__packed__))' -DUSE_HAL_DRIVER -DSTM32F767xx -I"C:/Dev/XtrackWS/SCU_Nucleo/Inc" -I"C:/Dev/XtrackWS/SCU_Nucleo/Drivers/STM32F7xx_HAL_Driver/Inc" -I"C:/Dev/XtrackWS/SCU_Nucleo/Drivers/STM32F7xx_HAL_Driver/Inc/Legacy" -I"C:/Dev/XtrackWS/SCU_Nucleo/Middlewares/Third_Party/FreeRTOS/Source/portable/GCC/ARM_CM7/r0p1" -I"C:/Dev/XtrackWS/SCU_Nucleo/Drivers/CMSIS/Device/ST/STM32F7xx/Include" -I"C:/Dev/XtrackWS/SCU_Nucleo/Middlewares/Third_Party/FreeRTOS/Source/include" -I"C:/Dev/XtrackWS/SCU_Nucleo/Middlewares/Third_Party/FreeRTOS/Source/CMSIS_RTOS" -I"C:/Dev/XtrackWS/SCU_Nucleo/Drivers/CMSIS/Include"  -Og -g3 -Wall -fmessage-length=0 -ffunction-sections -c -fmessage-length=0 -MMD -MP -MF"Drivers/STM32F7xx_HAL_Driver/Src/stm32f7xx_hal_dma.d" -MT"Drivers/STM32F7xx_HAL_Driver/Src/stm32f7xx_hal_dma.o" -o "Drivers/STM32F7xx_HAL_Driver/Src/stm32f7xx_hal_dma.o" "../Drivers/STM32F7xx_HAL_Driver/Src/stm32f7xx_hal_dma.c"
Finished building: ../Drivers/STM32F7xx_HAL_Driver/Src/stm32f7xx_hal_dma.c
 
Building file: ../Drivers/STM32F7xx_HAL_Driver/Src/stm32f7xx_hal_dma_ex.c
Invoking: MCU GCC Compiler
C:\Dev\XtrackWS\SCU_Nucleo\Debug
arm-none-eabi-gcc -mcpu=cortex-m7 -mthumb -mfloat-abi=hard -mfpu=fpv5-d16 '-D__weak=__attribute__((weak))' '-D__packed=__attribute__((__packed__))' -DUSE_HAL_DRIVER -DSTM32F767xx -I"C:/Dev/XtrackWS/SCU_Nucleo/Inc" -I"C:/Dev/XtrackWS/SCU_Nucleo/Drivers/STM32F7xx_HAL_Driver/Inc" -I"C:/Dev/XtrackWS/SCU_Nucleo/Drivers/STM32F7xx_HAL_Driver/Inc/Legacy" -I"C:/Dev/XtrackWS/SCU_Nucleo/Middlewares/Third_Party/FreeRTOS/Source/portable/GCC/ARM_CM7/r0p1" -I"C:/Dev/XtrackWS/SCU_Nucleo/Drivers/CMSIS/Device/ST/STM32F7xx/Include" -I"C:/Dev/XtrackWS/SCU_Nucleo/Middlewares/Third_Party/FreeRTOS/Source/include" -I"C:/Dev/XtrackWS/SCU_Nucleo/Middlewares/Third_Party/FreeRTOS/Source/CMSIS_RTOS" -I"C:/Dev/XtrackWS/SCU_Nucleo/Drivers/CMSIS/Include"  -Og -g3 -Wall -fmessage-length=0 -ffunction-sections -c -fmessage-length=0 -MMD -MP -MF"Drivers/STM32F7xx_HAL_Driver/Src/stm32f7xx_hal_dma_ex.d" -MT"Drivers/STM32F7xx_HAL_Driver/Src/stm32f7xx_hal_dma_ex.o" -o "Drivers/STM32F7xx_HAL_Driver/Src/stm32f7xx_hal_dma_ex.o" "../Drivers/STM32F7xx_HAL_Driver/Src/stm32f7xx_hal_dma_ex.c"
Finished building: ../Drivers/STM32F7xx_HAL_Driver/Src/stm32f7xx_hal_dma_ex.c
 
Building file: ../Drivers/STM32F7xx_HAL_Driver/Src/stm32f7xx_hal_flash.c
Invoking: MCU GCC Compiler
C:\Dev\XtrackWS\SCU_Nucleo\Debug
arm-none-eabi-gcc -mcpu=cortex-m7 -mthumb -mfloat-abi=hard -mfpu=fpv5-d16 '-D__weak=__attribute__((weak))' '-D__packed=__attribute__((__packed__))' -DUSE_HAL_DRIVER -DSTM32F767xx -I"C:/Dev/XtrackWS/SCU_Nucleo/Inc" -I"C:/Dev/XtrackWS/SCU_Nucleo/Drivers/STM32F7xx_HAL_Driver/Inc" -I"C:/Dev/XtrackWS/SCU_Nucleo/Drivers/STM32F7xx_HAL_Driver/Inc/Legacy" -I"C:/Dev/XtrackWS/SCU_Nucleo/Middlewares/Third_Party/FreeRTOS/Source/portable/GCC/ARM_CM7/r0p1" -I"C:/Dev/XtrackWS/SCU_Nucleo/Drivers/CMSIS/Device/ST/STM32F7xx/Include" -I"C:/Dev/XtrackWS/SCU_Nucleo/Middlewares/Third_Party/FreeRTOS/Source/include" -I"C:/Dev/XtrackWS/SCU_Nucleo/Middlewares/Third_Party/FreeRTOS/Source/CMSIS_RTOS" -I"C:/Dev/XtrackWS/SCU_Nucleo/Drivers/CMSIS/Include"  -Og -g3 -Wall -fmessage-length=0 -ffunction-sections -c -fmessage-length=0 -MMD -MP -MF"Drivers/STM32F7xx_HAL_Driver/Src/stm32f7xx_hal_flash.d" -MT"Drivers/STM32F7xx_HAL_Driver/Src/stm32f7xx_hal_flash.o" -o "Drivers/STM32F7xx_HAL_Driver/Src/stm32f7xx_hal_flash.o" "../Drivers/STM32F7xx_HAL_Driver/Src/stm32f7xx_hal_flash.c"
Finished building: ../Drivers/STM32F7xx_HAL_Driver/Src/stm32f7xx_hal_flash.c
 
Building file: ../Drivers/STM32F7xx_HAL_Driver/Src/stm32f7xx_hal_flash_ex.c
Invoking: MCU GCC Compiler
C:\Dev\XtrackWS\SCU_Nucleo\Debug
arm-none-eabi-gcc -mcpu=cortex-m7 -mthumb -mfloat-abi=hard -mfpu=fpv5-d16 '-D__weak=__attribute__((weak))' '-D__packed=__attribute__((__packed__))' -DUSE_HAL_DRIVER -DSTM32F767xx -I"C:/Dev/XtrackWS/SCU_Nucleo/Inc" -I"C:/Dev/XtrackWS/SCU_Nucleo/Drivers/STM32F7xx_HAL_Driver/Inc" -I"C:/Dev/XtrackWS/SCU_Nucleo/Drivers/STM32F7xx_HAL_Driver/Inc/Legacy" -I"C:/Dev/XtrackWS/SCU_Nucleo/Middlewares/Third_Party/FreeRTOS/Source/portable/GCC/ARM_CM7/r0p1" -I"C:/Dev/XtrackWS/SCU_Nucleo/Drivers/CMSIS/Device/ST/STM32F7xx/Include" -I"C:/Dev/XtrackWS/SCU_Nucleo/Middlewares/Third_Party/FreeRTOS/Source/include" -I"C:/Dev/XtrackWS/SCU_Nucleo/Middlewares/Third_Party/FreeRTOS/Source/CMSIS_RTOS" -I"C:/Dev/XtrackWS/SCU_Nucleo/Drivers/CMSIS/Include"  -Og -g3 -Wall -fmessage-length=0 -ffunction-sections -c -fmessage-length=0 -MMD -MP -MF"Drivers/STM32F7xx_HAL_Driver/Src/stm32f7xx_hal_flash_ex.d" -MT"Drivers/STM32F7xx_HAL_Driver/Src/stm32f7xx_hal_flash_ex.o" -o "Drivers/STM32F7xx_HAL_Driver/Src/stm32f7xx_hal_flash_ex.o" "../Drivers/STM32F7xx_HAL_Driver/Src/stm32f7xx_hal_flash_ex.c"
Finished building: ../Drivers/STM32F7xx_HAL_Driver/Src/stm32f7xx_hal_flash_ex.c
 
Building file: ../Drivers/STM32F7xx_HAL_Driver/Src/stm32f7xx_hal_gpio.c
Invoking: MCU GCC Compiler
C:\Dev\XtrackWS\SCU_Nucleo\Debug
arm-none-eabi-gcc -mcpu=cortex-m7 -mthumb -mfloat-abi=hard -mfpu=fpv5-d16 '-D__weak=__attribute__((weak))' '-D__packed=__attribute__((__packed__))' -DUSE_HAL_DRIVER -DSTM32F767xx -I"C:/Dev/XtrackWS/SCU_Nucleo/Inc" -I"C:/Dev/XtrackWS/SCU_Nucleo/Drivers/STM32F7xx_HAL_Driver/Inc" -I"C:/Dev/XtrackWS/SCU_Nucleo/Drivers/STM32F7xx_HAL_Driver/Inc/Legacy" -I"C:/Dev/XtrackWS/SCU_Nucleo/Middlewares/Third_Party/FreeRTOS/Source/portable/GCC/ARM_CM7/r0p1" -I"C:/Dev/XtrackWS/SCU_Nucleo/Drivers/CMSIS/Device/ST/STM32F7xx/Include" -I"C:/Dev/XtrackWS/SCU_Nucleo/Middlewares/Third_Party/FreeRTOS/Source/include" -I"C:/Dev/XtrackWS/SCU_Nucleo/Middlewares/Third_Party/FreeRTOS/Source/CMSIS_RTOS" -I"C:/Dev/XtrackWS/SCU_Nucleo/Drivers/CMSIS/Include"  -Og -g3 -Wall -fmessage-length=0 -ffunction-sections -c -fmessage-length=0 -MMD -MP -MF"Drivers/STM32F7xx_HAL_Driver/Src/stm32f7xx_hal_gpio.d" -MT"Drivers/STM32F7xx_HAL_Driver/Src/stm32f7xx_hal_gpio.o" -o "Drivers/STM32F7xx_HAL_Driver/Src/stm32f7xx_hal_gpio.o" "../Drivers/STM32F7xx_HAL_Driver/Src/stm32f7xx_hal_gpio.c"
Finished building: ../Drivers/STM32F7xx_HAL_Driver/Src/stm32f7xx_hal_gpio.c
 
Building file: ../Drivers/STM32F7xx_HAL_Driver/Src/stm32f7xx_hal_i2c.c
Invoking: MCU GCC Compiler
C:\Dev\XtrackWS\SCU_Nucleo\Debug
arm-none-eabi-gcc -mcpu=cortex-m7 -mthumb -mfloat-abi=hard -mfpu=fpv5-d16 '-D__weak=__attribute__((weak))' '-D__packed=__attribute__((__packed__))' -DUSE_HAL_DRIVER -DSTM32F767xx -I"C:/Dev/XtrackWS/SCU_Nucleo/Inc" -I"C:/Dev/XtrackWS/SCU_Nucleo/Drivers/STM32F7xx_HAL_Driver/Inc" -I"C:/Dev/XtrackWS/SCU_Nucleo/Drivers/STM32F7xx_HAL_Driver/Inc/Legacy" -I"C:/Dev/XtrackWS/SCU_Nucleo/Middlewares/Third_Party/FreeRTOS/Source/portable/GCC/ARM_CM7/r0p1" -I"C:/Dev/XtrackWS/SCU_Nucleo/Drivers/CMSIS/Device/ST/STM32F7xx/Include" -I"C:/Dev/XtrackWS/SCU_Nucleo/Middlewares/Third_Party/FreeRTOS/Source/include" -I"C:/Dev/XtrackWS/SCU_Nucleo/Middlewares/Third_Party/FreeRTOS/Source/CMSIS_RTOS" -I"C:/Dev/XtrackWS/SCU_Nucleo/Drivers/CMSIS/Include"  -Og -g3 -Wall -fmessage-length=0 -ffunction-sections -c -fmessage-length=0 -MMD -MP -MF"Drivers/STM32F7xx_HAL_Driver/Src/stm32f7xx_hal_i2c.d" -MT"Drivers/STM32F7xx_HAL_Driver/Src/stm32f7xx_hal_i2c.o" -o "Drivers/STM32F7xx_HAL_Driver/Src/stm32f7xx_hal_i2c.o" "../Drivers/STM32F7xx_HAL_Driver/Src/stm32f7xx_hal_i2c.c"
Finished building: ../Drivers/STM32F7xx_HAL_Driver/Src/stm32f7xx_hal_i2c.c
 
Building file: ../Drivers/STM32F7xx_HAL_Driver/Src/stm32f7xx_hal_i2c_ex.c
Invoking: MCU GCC Compiler
C:\Dev\XtrackWS\SCU_Nucleo\Debug
arm-none-eabi-gcc -mcpu=cortex-m7 -mthumb -mfloat-abi=hard -mfpu=fpv5-d16 '-D__weak=__attribute__((weak))' '-D__packed=__attribute__((__packed__))' -DUSE_HAL_DRIVER -DSTM32F767xx -I"C:/Dev/XtrackWS/SCU_Nucleo/Inc" -I"C:/Dev/XtrackWS/SCU_Nucleo/Drivers/STM32F7xx_HAL_Driver/Inc" -I"C:/Dev/XtrackWS/SCU_Nucleo/Drivers/STM32F7xx_HAL_Driver/Inc/Legacy" -I"C:/Dev/XtrackWS/SCU_Nucleo/Middlewares/Third_Party/FreeRTOS/Source/portable/GCC/ARM_CM7/r0p1" -I"C:/Dev/XtrackWS/SCU_Nucleo/Drivers/CMSIS/Device/ST/STM32F7xx/Include" -I"C:/Dev/XtrackWS/SCU_Nucleo/Middlewares/Third_Party/FreeRTOS/Source/include" -I"C:/Dev/XtrackWS/SCU_Nucleo/Middlewares/Third_Party/FreeRTOS/Source/CMSIS_RTOS" -I"C:/Dev/XtrackWS/SCU_Nucleo/Drivers/CMSIS/Include"  -Og -g3 -Wall -fmessage-length=0 -ffunction-sections -c -fmessage-length=0 -MMD -MP -MF"Drivers/STM32F7xx_HAL_Driver/Src/stm32f7xx_hal_i2c_ex.d" -MT"Drivers/STM32F7xx_HAL_Driver/Src/stm32f7xx_hal_i2c_ex.o" -o "Drivers/STM32F7xx_HAL_Driver/Src/stm32f7xx_hal_i2c_ex.o" "../Drivers/STM32F7xx_HAL_Driver/Src/stm32f7xx_hal_i2c_ex.c"
Finished building: ../Drivers/STM32F7xx_HAL_Driver/Src/stm32f7xx_hal_i2c_ex.c
 
Building file: ../Drivers/STM32F7xx_HAL_Driver/Src/stm32f7xx_hal_pcd.c
Invoking: MCU GCC Compiler
C:\Dev\XtrackWS\SCU_Nucleo\Debug
arm-none-eabi-gcc -mcpu=cortex-m7 -mthumb -mfloat-abi=hard -mfpu=fpv5-d16 '-D__weak=__attribute__((weak))' '-D__packed=__attribute__((__packed__))' -DUSE_HAL_DRIVER -DSTM32F767xx -I"C:/Dev/XtrackWS/SCU_Nucleo/Inc" -I"C:/Dev/XtrackWS/SCU_Nucleo/Drivers/STM32F7xx_HAL_Driver/Inc" -I"C:/Dev/XtrackWS/SCU_Nucleo/Drivers/STM32F7xx_HAL_Driver/Inc/Legacy" -I"C:/Dev/XtrackWS/SCU_Nucleo/Middlewares/Third_Party/FreeRTOS/Source/portable/GCC/ARM_CM7/r0p1" -I"C:/Dev/XtrackWS/SCU_Nucleo/Drivers/CMSIS/Device/ST/STM32F7xx/Include" -I"C:/Dev/XtrackWS/SCU_Nucleo/Middlewares/Third_Party/FreeRTOS/Source/include" -I"C:/Dev/XtrackWS/SCU_Nucleo/Middlewares/Third_Party/FreeRTOS/Source/CMSIS_RTOS" -I"C:/Dev/XtrackWS/SCU_Nucleo/Drivers/CMSIS/Include"  -Og -g3 -Wall -fmessage-length=0 -ffunction-sections -c -fmessage-length=0 -MMD -MP -MF"Drivers/STM32F7xx_HAL_Driver/Src/stm32f7xx_hal_pcd.d" -MT"Drivers/STM32F7xx_HAL_Driver/Src/stm32f7xx_hal_pcd.o" -o "Drivers/STM32F7xx_HAL_Driver/Src/stm32f7xx_hal_pcd.o" "../Drivers/STM32F7xx_HAL_Driver/Src/stm32f7xx_hal_pcd.c"
Finished building: ../Drivers/STM32F7xx_HAL_Driver/Src/stm32f7xx_hal_pcd.c
 
Building file: ../Drivers/STM32F7xx_HAL_Driver/Src/stm32f7xx_hal_pcd_ex.c
Invoking: MCU GCC Compiler
C:\Dev\XtrackWS\SCU_Nucleo\Debug
arm-none-eabi-gcc -mcpu=cortex-m7 -mthumb -mfloat-abi=hard -mfpu=fpv5-d16 '-D__weak=__attribute__((weak))' '-D__packed=__attribute__((__packed__))' -DUSE_HAL_DRIVER -DSTM32F767xx -I"C:/Dev/XtrackWS/SCU_Nucleo/Inc" -I"C:/Dev/XtrackWS/SCU_Nucleo/Drivers/STM32F7xx_HAL_Driver/Inc" -I"C:/Dev/XtrackWS/SCU_Nucleo/Drivers/STM32F7xx_HAL_Driver/Inc/Legacy" -I"C:/Dev/XtrackWS/SCU_Nucleo/Middlewares/Third_Party/FreeRTOS/Source/portable/GCC/ARM_CM7/r0p1" -I"C:/Dev/XtrackWS/SCU_Nucleo/Drivers/CMSIS/Device/ST/STM32F7xx/Include" -I"C:/Dev/XtrackWS/SCU_Nucleo/Middlewares/Third_Party/FreeRTOS/Source/include" -I"C:/Dev/XtrackWS/SCU_Nucleo/Middlewares/Third_Party/FreeRTOS/Source/CMSIS_RTOS" -I"C:/Dev/XtrackWS/SCU_Nucleo/Drivers/CMSIS/Include"  -Og -g3 -Wall -fmessage-length=0 -ffunction-sections -c -fmessage-length=0 -MMD -MP -MF"Drivers/STM32F7xx_HAL_Driver/Src/stm32f7xx_hal_pcd_ex.d" -MT"Drivers/STM32F7xx_HAL_Driver/Src/stm32f7xx_hal_pcd_ex.o" -o "Drivers/STM32F7xx_HAL_Driver/Src/stm32f7xx_hal_pcd_ex.o" "../Drivers/STM32F7xx_HAL_Driver/Src/stm32f7xx_hal_pcd_ex.c"
Finished building: ../Drivers/STM32F7xx_HAL_Driver/Src/stm32f7xx_hal_pcd_ex.c
 
Building file: ../Drivers/STM32F7xx_HAL_Driver/Src/stm32f7xx_hal_pwr.c
Invoking: MCU GCC Compiler
C:\Dev\XtrackWS\SCU_Nucleo\Debug
arm-none-eabi-gcc -mcpu=cortex-m7 -mthumb -mfloat-abi=hard -mfpu=fpv5-d16 '-D__weak=__attribute__((weak))' '-D__packed=__attribute__((__packed__))' -DUSE_HAL_DRIVER -DSTM32F767xx -I"C:/Dev/XtrackWS/SCU_Nucleo/Inc" -I"C:/Dev/XtrackWS/SCU_Nucleo/Drivers/STM32F7xx_HAL_Driver/Inc" -I"C:/Dev/XtrackWS/SCU_Nucleo/Drivers/STM32F7xx_HAL_Driver/Inc/Legacy" -I"C:/Dev/XtrackWS/SCU_Nucleo/Middlewares/Third_Party/FreeRTOS/Source/portable/GCC/ARM_CM7/r0p1" -I"C:/Dev/XtrackWS/SCU_Nucleo/Drivers/CMSIS/Device/ST/STM32F7xx/Include" -I"C:/Dev/XtrackWS/SCU_Nucleo/Middlewares/Third_Party/FreeRTOS/Source/include" -I"C:/Dev/XtrackWS/SCU_Nucleo/Middlewares/Third_Party/FreeRTOS/Source/CMSIS_RTOS" -I"C:/Dev/XtrackWS/SCU_Nucleo/Drivers/CMSIS/Include"  -Og -g3 -Wall -fmessage-length=0 -ffunction-sections -c -fmessage-length=0 -MMD -MP -MF"Drivers/STM32F7xx_HAL_Driver/Src/stm32f7xx_hal_pwr.d" -MT"Drivers/STM32F7xx_HAL_Driver/Src/stm32f7xx_hal_pwr.o" -o "Drivers/STM32F7xx_HAL_Driver/Src/stm32f7xx_hal_pwr.o" "../Drivers/STM32F7xx_HAL_Driver/Src/stm32f7xx_hal_pwr.c"
Finished building: ../Drivers/STM32F7xx_HAL_Driver/Src/stm32f7xx_hal_pwr.c
 
Building file: ../Drivers/STM32F7xx_HAL_Driver/Src/stm32f7xx_hal_pwr_ex.c
Invoking: MCU GCC Compiler
C:\Dev\XtrackWS\SCU_Nucleo\Debug
arm-none-eabi-gcc -mcpu=cortex-m7 -mthumb -mfloat-abi=hard -mfpu=fpv5-d16 '-D__weak=__attribute__((weak))' '-D__packed=__attribute__((__packed__))' -DUSE_HAL_DRIVER -DSTM32F767xx -I"C:/Dev/XtrackWS/SCU_Nucleo/Inc" -I"C:/Dev/XtrackWS/SCU_Nucleo/Drivers/STM32F7xx_HAL_Driver/Inc" -I"C:/Dev/XtrackWS/SCU_Nucleo/Drivers/STM32F7xx_HAL_Driver/Inc/Legacy" -I"C:/Dev/XtrackWS/SCU_Nucleo/Middlewares/Third_Party/FreeRTOS/Source/portable/GCC/ARM_CM7/r0p1" -I"C:/Dev/XtrackWS/SCU_Nucleo/Drivers/CMSIS/Device/ST/STM32F7xx/Include" -I"C:/Dev/XtrackWS/SCU_Nucleo/Middlewares/Third_Party/FreeRTOS/Source/include" -I"C:/Dev/XtrackWS/SCU_Nucleo/Middlewares/Third_Party/FreeRTOS/Source/CMSIS_RTOS" -I"C:/Dev/XtrackWS/SCU_Nucleo/Drivers/CMSIS/Include"  -Og -g3 -Wall -fmessage-length=0 -ffunction-sections -c -fmessage-length=0 -MMD -MP -MF"Drivers/STM32F7xx_HAL_Driver/Src/stm32f7xx_hal_pwr_ex.d" -MT"Drivers/STM32F7xx_HAL_Driver/Src/stm32f7xx_hal_pwr_ex.o" -o "Drivers/STM32F7xx_HAL_Driver/Src/stm32f7xx_hal_pwr_ex.o" "../Drivers/STM32F7xx_HAL_Driver/Src/stm32f7xx_hal_pwr_ex.c"
Finished building: ../Drivers/STM32F7xx_HAL_Driver/Src/stm32f7xx_hal_pwr_ex.c
 
Building file: ../Drivers/STM32F7xx_HAL_Driver/Src/stm32f7xx_hal_rcc.c
Invoking: MCU GCC Compiler
C:\Dev\XtrackWS\SCU_Nucleo\Debug
arm-none-eabi-gcc -mcpu=cortex-m7 -mthumb -mfloat-abi=hard -mfpu=fpv5-d16 '-D__weak=__attribute__((weak))' '-D__packed=__attribute__((__packed__))' -DUSE_HAL_DRIVER -DSTM32F767xx -I"C:/Dev/XtrackWS/SCU_Nucleo/Inc" -I"C:/Dev/XtrackWS/SCU_Nucleo/Drivers/STM32F7xx_HAL_Driver/Inc" -I"C:/Dev/XtrackWS/SCU_Nucleo/Drivers/STM32F7xx_HAL_Driver/Inc/Legacy" -I"C:/Dev/XtrackWS/SCU_Nucleo/Middlewares/Third_Party/FreeRTOS/Source/portable/GCC/ARM_CM7/r0p1" -I"C:/Dev/XtrackWS/SCU_Nucleo/Drivers/CMSIS/Device/ST/STM32F7xx/Include" -I"C:/Dev/XtrackWS/SCU_Nucleo/Middlewares/Third_Party/FreeRTOS/Source/include" -I"C:/Dev/XtrackWS/SCU_Nucleo/Middlewares/Third_Party/FreeRTOS/Source/CMSIS_RTOS" -I"C:/Dev/XtrackWS/SCU_Nucleo/Drivers/CMSIS/Include"  -Og -g3 -Wall -fmessage-length=0 -ffunction-sections -c -fmessage-length=0 -MMD -MP -MF"Drivers/STM32F7xx_HAL_Driver/Src/stm32f7xx_hal_rcc.d" -MT"Drivers/STM32F7xx_HAL_Driver/Src/stm32f7xx_hal_rcc.o" -o "Drivers/STM32F7xx_HAL_Driver/Src/stm32f7xx_hal_rcc.o" "../Drivers/STM32F7xx_HAL_Driver/Src/stm32f7xx_hal_rcc.c"
Finished building: ../Drivers/STM32F7xx_HAL_Driver/Src/stm32f7xx_hal_rcc.c
 
Building file: ../Drivers/STM32F7xx_HAL_Driver/Src/stm32f7xx_hal_rcc_ex.c
Invoking: MCU GCC Compiler
C:\Dev\XtrackWS\SCU_Nucleo\Debug
arm-none-eabi-gcc -mcpu=cortex-m7 -mthumb -mfloat-abi=hard -mfpu=fpv5-d16 '-D__weak=__attribute__((weak))' '-D__packed=__attribute__((__packed__))' -DUSE_HAL_DRIVER -DSTM32F767xx -I"C:/Dev/XtrackWS/SCU_Nucleo/Inc" -I"C:/Dev/XtrackWS/SCU_Nucleo/Drivers/STM32F7xx_HAL_Driver/Inc" -I"C:/Dev/XtrackWS/SCU_Nucleo/Drivers/STM32F7xx_HAL_Driver/Inc/Legacy" -I"C:/Dev/XtrackWS/SCU_Nucleo/Middlewares/Third_Party/FreeRTOS/Source/portable/GCC/ARM_CM7/r0p1" -I"C:/Dev/XtrackWS/SCU_Nucleo/Drivers/CMSIS/Device/ST/STM32F7xx/Include" -I"C:/Dev/XtrackWS/SCU_Nucleo/Middlewares/Third_Party/FreeRTOS/Source/include" -I"C:/Dev/XtrackWS/SCU_Nucleo/Middlewares/Third_Party/FreeRTOS/Source/CMSIS_RTOS" -I"C:/Dev/XtrackWS/SCU_Nucleo/Drivers/CMSIS/Include"  -Og -g3 -Wall -fmessage-length=0 -ffunction-sections -c -fmessage-length=0 -MMD -MP -MF"Drivers/STM32F7xx_HAL_Driver/Src/stm32f7xx_hal_rcc_ex.d" -MT"Drivers/STM32F7xx_HAL_Driver/Src/stm32f7xx_hal_rcc_ex.o" -o "Drivers/STM32F7xx_HAL_Driver/Src/stm32f7xx_hal_rcc_ex.o" "../Drivers/STM32F7xx_HAL_Driver/Src/stm32f7xx_hal_rcc_ex.c"
Finished building: ../Drivers/STM32F7xx_HAL_Driver/Src/stm32f7xx_hal_rcc_ex.c
 
Building file: ../Drivers/STM32F7xx_HAL_Driver/Src/stm32f7xx_hal_tim.c
Invoking: MCU GCC Compiler
C:\Dev\XtrackWS\SCU_Nucleo\Debug
arm-none-eabi-gcc -mcpu=cortex-m7 -mthumb -mfloat-abi=hard -mfpu=fpv5-d16 '-D__weak=__attribute__((weak))' '-D__packed=__attribute__((__packed__))' -DUSE_HAL_DRIVER -DSTM32F767xx -I"C:/Dev/XtrackWS/SCU_Nucleo/Inc" -I"C:/Dev/XtrackWS/SCU_Nucleo/Drivers/STM32F7xx_HAL_Driver/Inc" -I"C:/Dev/XtrackWS/SCU_Nucleo/Drivers/STM32F7xx_HAL_Driver/Inc/Legacy" -I"C:/Dev/XtrackWS/SCU_Nucleo/Middlewares/Third_Party/FreeRTOS/Source/portable/GCC/ARM_CM7/r0p1" -I"C:/Dev/XtrackWS/SCU_Nucleo/Drivers/CMSIS/Device/ST/STM32F7xx/Include" -I"C:/Dev/XtrackWS/SCU_Nucleo/Middlewares/Third_Party/FreeRTOS/Source/include" -I"C:/Dev/XtrackWS/SCU_Nucleo/Middlewares/Third_Party/FreeRTOS/Source/CMSIS_RTOS" -I"C:/Dev/XtrackWS/SCU_Nucleo/Drivers/CMSIS/Include"  -Og -g3 -Wall -fmessage-length=0 -ffunction-sections -c -fmessage-length=0 -MMD -MP -MF"Drivers/STM32F7xx_HAL_Driver/Src/stm32f7xx_hal_tim.d" -MT"Drivers/STM32F7xx_HAL_Driver/Src/stm32f7xx_hal_tim.o" -o "Drivers/STM32F7xx_HAL_Driver/Src/stm32f7xx_hal_tim.o" "../Drivers/STM32F7xx_HAL_Driver/Src/stm32f7xx_hal_tim.c"
Finished building: ../Drivers/STM32F7xx_HAL_Driver/Src/stm32f7xx_hal_tim.c
 
Building file: ../Drivers/STM32F7xx_HAL_Driver/Src/stm32f7xx_hal_tim_ex.c
Invoking: MCU GCC Compiler
C:\Dev\XtrackWS\SCU_Nucleo\Debug
arm-none-eabi-gcc -mcpu=cortex-m7 -mthumb -mfloat-abi=hard -mfpu=fpv5-d16 '-D__weak=__attribute__((weak))' '-D__packed=__attribute__((__packed__))' -DUSE_HAL_DRIVER -DSTM32F767xx -I"C:/Dev/XtrackWS/SCU_Nucleo/Inc" -I"C:/Dev/XtrackWS/SCU_Nucleo/Drivers/STM32F7xx_HAL_Driver/Inc" -I"C:/Dev/XtrackWS/SCU_Nucleo/Drivers/STM32F7xx_HAL_Driver/Inc/Legacy" -I"C:/Dev/XtrackWS/SCU_Nucleo/Middlewares/Third_Party/FreeRTOS/Source/portable/GCC/ARM_CM7/r0p1" -I"C:/Dev/XtrackWS/SCU_Nucleo/Drivers/CMSIS/Device/ST/STM32F7xx/Include" -I"C:/Dev/XtrackWS/SCU_Nucleo/Middlewares/Third_Party/FreeRTOS/Source/include" -I"C:/Dev/XtrackWS/SCU_Nucleo/Middlewares/Third_Party/FreeRTOS/Source/CMSIS_RTOS" -I"C:/Dev/XtrackWS/SCU_Nucleo/Drivers/CMSIS/Include"  -Og -g3 -Wall -fmessage-length=0 -ffunction-sections -c -fmessage-length=0 -MMD -MP -MF"Drivers/STM32F7xx_HAL_Driver/Src/stm32f7xx_hal_tim_ex.d" -MT"Drivers/STM32F7xx_HAL_Driver/Src/stm32f7xx_hal_tim_ex.o" -o "Drivers/STM32F7xx_HAL_Driver/Src/stm32f7xx_hal_tim_ex.o" "../Drivers/STM32F7xx_HAL_Driver/Src/stm32f7xx_hal_tim_ex.c"
Finished building: ../Drivers/STM32F7xx_HAL_Driver/Src/stm32f7xx_hal_tim_ex.c
 
Building file: ../Drivers/STM32F7xx_HAL_Driver/Src/stm32f7xx_hal_uart.c
Invoking: MCU GCC Compiler
C:\Dev\XtrackWS\SCU_Nucleo\Debug
arm-none-eabi-gcc -mcpu=cortex-m7 -mthumb -mfloat-abi=hard -mfpu=fpv5-d16 '-D__weak=__attribute__((weak))' '-D__packed=__attribute__((__packed__))' -DUSE_HAL_DRIVER -DSTM32F767xx -I"C:/Dev/XtrackWS/SCU_Nucleo/Inc" -I"C:/Dev/XtrackWS/SCU_Nucleo/Drivers/STM32F7xx_HAL_Driver/Inc" -I"C:/Dev/XtrackWS/SCU_Nucleo/Drivers/STM32F7xx_HAL_Driver/Inc/Legacy" -I"C:/Dev/XtrackWS/SCU_Nucleo/Middlewares/Third_Party/FreeRTOS/Source/portable/GCC/ARM_CM7/r0p1" -I"C:/Dev/XtrackWS/SCU_Nucleo/Drivers/CMSIS/Device/ST/STM32F7xx/Include" -I"C:/Dev/XtrackWS/SCU_Nucleo/Middlewares/Third_Party/FreeRTOS/Source/include" -I"C:/Dev/XtrackWS/SCU_Nucleo/Middlewares/Third_Party/FreeRTOS/Source/CMSIS_RTOS" -I"C:/Dev/XtrackWS/SCU_Nucleo/Drivers/CMSIS/Include"  -Og -g3 -Wall -fmessage-length=0 -ffunction-sections -c -fmessage-length=0 -MMD -MP -MF"Drivers/STM32F7xx_HAL_Driver/Src/stm32f7xx_hal_uart.d" -MT"Drivers/STM32F7xx_HAL_Driver/Src/stm32f7xx_hal_uart.o" -o "Drivers/STM32F7xx_HAL_Driver/Src/stm32f7xx_hal_uart.o" "../Drivers/STM32F7xx_HAL_Driver/Src/stm32f7xx_hal_uart.c"
Finished building: ../Drivers/STM32F7xx_HAL_Driver/Src/stm32f7xx_hal_uart.c
 
Building file: ../Drivers/STM32F7xx_HAL_Driver/Src/stm32f7xx_ll_usb.c
Invoking: MCU GCC Compiler
C:\Dev\XtrackWS\SCU_Nucleo\Debug
arm-none-eabi-gcc -mcpu=cortex-m7 -mthumb -mfloat-abi=hard -mfpu=fpv5-d16 '-D__weak=__attribute__((weak))' '-D__packed=__attribute__((__packed__))' -DUSE_HAL_DRIVER -DSTM32F767xx -I"C:/Dev/XtrackWS/SCU_Nucleo/Inc" -I"C:/Dev/XtrackWS/SCU_Nucleo/Drivers/STM32F7xx_HAL_Driver/Inc" -I"C:/Dev/XtrackWS/SCU_Nucleo/Drivers/STM32F7xx_HAL_Driver/Inc/Legacy" -I"C:/Dev/XtrackWS/SCU_Nucleo/Middlewares/Third_Party/FreeRTOS/Source/portable/GCC/ARM_CM7/r0p1" -I"C:/Dev/XtrackWS/SCU_Nucleo/Drivers/CMSIS/Device/ST/STM32F7xx/Include" -I"C:/Dev/XtrackWS/SCU_Nucleo/Middlewares/Third_Party/FreeRTOS/Source/include" -I"C:/Dev/XtrackWS/SCU_Nucleo/Middlewares/Third_Party/FreeRTOS/Source/CMSIS_RTOS" -I"C:/Dev/XtrackWS/SCU_Nucleo/Drivers/CMSIS/Include"  -Og -g3 -Wall -fmessage-length=0 -ffunction-sections -c -fmessage-length=0 -MMD -MP -MF"Drivers/STM32F7xx_HAL_Driver/Src/stm32f7xx_ll_usb.d" -MT"Drivers/STM32F7xx_HAL_Driver/Src/stm32f7xx_ll_usb.o" -o "Drivers/STM32F7xx_HAL_Driver/Src/stm32f7xx_ll_usb.o" "../Drivers/STM32F7xx_HAL_Driver/Src/stm32f7xx_ll_usb.c"
Finished building: ../Drivers/STM32F7xx_HAL_Driver/Src/stm32f7xx_ll_usb.c
 
Building target: SCU_Nucleo.elf
Invoking: MCU GCC Linker
arm-none-eabi-gcc -mcpu=cortex-m7 -mthumb -mfloat-abi=hard -mfpu=fpv5-d16 -specs=nosys.specs -specs=nano.specs -T"../STM32F767ZITx_FLASH.ld" -Wl,-Map=output.map -Wl,--gc-sections -o "SCU_Nucleo.elf" @"objects.list"   -lm
Finished building target: SCU_Nucleo.elf
 
make --no-print-directory post-build
Generating binary and Printing size information:
arm-none-eabi-objcopy -O binary "SCU_Nucleo.elf" "SCU_Nucleo.bin"
arm-none-eabi-size "SCU_Nucleo.elf"
   text	   data	    bss	    dec	    hex	filename
  13756	     24	  41504	  55284	   d7f4	SCU_Nucleo.elf
 

13:40:58 Build Finished (took 23s.331ms)

